// Jest Snapshot v1, https://goo.gl/fbAQLP

exports[`renders 1`] = `
<DocumentFragment>
  <div
    class="container"
  >
    <nav
      class="vertical_navbar"
    >
      <div
        class="css-1hgvmcu"
      >
        <a
          aria-current="page"
          href="/"
          style="color: red;"
        >
          All Available Books
        </a>
        <a
          href="/reading_books"
          style="color: blue;"
        >
          Reading Books(0)
        </a>
        <a
          href="/finished_books"
          style="color: blue;"
        >
          Finished Books(0)
        </a>
      </div>
    </nav>
    <div
      class="vertical_lists css-1scbww"
    >
      <div
        role="group"
        style="outline: none;"
        tabindex="-1"
      >
        <div
          class="all_books_wrapper css-hcdvcr"
        >
          <div
            class="title_wrapper"
          >
            <h1
              class="css-h2902l"
              data-testid="pageTitle"
            >
              All Available Books
            </h1>
          </div>
          <div
            class="all_books"
            data-testid="all_books"
          >
            <input
              class="css-13ywnoh-BookSearchField"
              placeholder="Search by Book Name"
              type="text"
              value=""
            />
          </div>
        </div>
      </div>
    </div>
  </div>
</DocumentFragment>
`;
